Last login: Sun Jul  7 12:56:55 on ttys000
âžœ  ~ createdb practice
zsh: command not found: createdb
âžœ  ~ psql
zsh: command not found: psql
âžœ  ~ atom ~/.bash_profile
âžœ  ~ psql
zsh: command not found: psql
âžœ  ~ source ~/.bash_profile

ðŸ¦„psql
psql (11.4)
Type "help" for help.

jonghyeoklee=# SELECT * FROM signings;
ERROR:  relation "signings" does not exist
LINE 1: SELECT * FROM signings;
                      ^
jonghyeoklee=# psql signings;
ERROR:  syntax error at or near "psql"
LINE 1: psql signings;
        ^
jonghyeoklee=# signings
jonghyeoklee-# createdb practice
jonghyeoklee-# \q
ðŸ¦„pwd     
/Users/jonghyeoklee
ðŸ¦„ls
Applications                       Postman
Desktop                            Public
Documents                          Samsung
Downloads                          curry-code
Google á„ƒá…³á„…á…¡á„‹á…µá„‡á…³                curry-petition
Library                            node_modules
Movies                             á„á…¢á†¯á„…á…µá„‡á…¥ á„‰á…¥á„Œá…¢
Music                              á„‹á…µá„Œá…©á†¼á„’á…§á†¨
Pictures
ðŸ¦„cd curry-petition 
ðŸ¦„ls
__mocks__                      petition-part1-instructions.md
index.js                       petitionpart1.md
material                       petitionpart1.txt
node_modules                   signatures.sql
notesforpetition.txt           static
package-lock.json              utils
package.json                   views
pet.js
ðŸ¦„createdb practice
ðŸ¦„psql -d pract
psql: FATAL:  database "pract" does not exist
ðŸ¦„psql -d practice
psql (11.4)
Type "help" for help.

practice=# psql -d practice -f practice.sql
practice-# psql -d practice -f practice.sql
practice-# SELECT * FROM names;
ERROR:  syntax error at or near "psql"
LINE 1: psql -d practice -f practice.sql
        ^
practice=# SELECT * FROM names;
ERROR:  relation "names" does not exist
LINE 1: SELECT * FROM names;
                      ^
practice=# psql names;
ERROR:  syntax error at or near "psql"
LINE 1: psql names;
        ^
practice=# names
practice-# psql names;
ERROR:  syntax error at or near "names"
LINE 1: names
        ^
practice=# \q
ðŸ¦„ls
__mocks__                      petition-part1-instructions.md
index.js                       petitionpart1.md
material                       petitionpart1.txt
node_modules                   practice.sql
notesforpetition.txt           signatures.sql
package-lock.json              static
package.json                   utils
pet.js                         views
ðŸ¦„psql
psql (11.4)
Type "help" for help.

jonghyeoklee=# \q
ðŸ¦„psql -d practice.sql
psql: FATAL:  database "practice.sql" does not exist
ðŸ¦„psql -d practice -f practice.sql
psql:practice.sql:1: NOTICE:  table "names" does not exist, skipping
DROP TABLE
CREATE TABLE
psql:practice.sql:12: ERROR:  relation "signings" does not exist
LINE 1: INSERT INTO signings(first, last)
                    ^
ðŸ¦„\q
zsh: command not found: q
ðŸ¦„\q
zsh: command not found: q
ðŸ¦„ls
__mocks__                      petition-part1-instructions.md
index.js                       petitionpart1.md
material                       petitionpart1.txt
node_modules                   practice.sql
notesforpetition.txt           signatures.sql
package-lock.json              static
package.json                   utils
pet.js                         views
ðŸ¦„psql
psql (11.4)
Type "help" for help.

jonghyeoklee=# \q
ðŸ¦„psql names
psql: FATAL:  database "names" does not exist
ðŸ¦„psql practice
psql (11.4)
Type "help" for help.

practice=# \dt
           List of relations
 Schema | Name  | Type  |    Owner     
--------+-------+-------+--------------
 public | names | table | jonghyeoklee
(1 row)

practice=# SELECT * FROM names;
 id | first | last | signature | created_at 
----+-------+------+-----------+------------
(0 rows)

practice=# 


ðŸ¦„psql signatures -f signatures.sql

* in terminal if you want update the data from js to db.

-------------------------------------------------------
PSQL command line

Update sql(js) -> psql(terminal) :
psql signatures -f signatures.sql (in terminal not in psql)

SELECT * FROM name; : list all data in the table.

DELETE FROM signings WHERE id > 11;

-------------------------------------------------------



